2026-09-06 04:35:11.999: [INFO] CurrentProfilePath: C:\springboot\.metadata\.plugins\org.eclipse.swt\EBWebView\Default
2026-09-06 04:35:11.999: [INFO] Profiles total count: 1
2026-09-06 04:35:11.999: [INFO] Profile: name=Profile 1 path=C:\springboot\.metadata\.plugins\org.eclipse.swt\EBWebView\Default lastActive=null
2026-09-06 04:35:11.999: [INFO] LastUsedProfileDir: C:\springboot\.metadata\.plugins\org.eclipse.swt\EBWebView\Default
2026-09-06 04:35:11.999: [INFO] OnDoneLoading sync enabled: 0
2026-09-06 04:35:11.999: [INFO] BookmarkModelLoaded, ids_reassigned: 0
2026-09-06 04:35:11.999: [INFO] BookmarksLoadDropped droppedNodes=0
2026-09-06 04:35:11.999: [INFO] BookmarksSnapshot Startup total=0 bar=0 other=0 mobile=0 showBar=0 showBarNTP=1
2026-09-06 04:35:21.562: [INFO] BookmarksSnapshot Shutdown total=0 bar=0 other=0 mobile=0 showBar=0 showBarNTP=1
2026-09-06 04:35:22.039: [INFO] CurrentProfilePath: C:\springboot\.metadata\.plugins\org.eclipse.swt\EBWebView\Default
2026-09-06 04:35:22.039: [INFO] Profiles total count: 1
2026-09-06 04:35:22.039: [INFO] Profile: name=Profile 1 path=C:\springboot\.metadata\.plugins\org.eclipse.swt\EBWebView\Default lastActive=2026-09-06T04:35:13.036Z
2026-09-06 04:35:22.039: [INFO] LastUsedProfileDir: C:\springboot\.metadata\.plugins\org.eclipse.swt\EBWebView\Default
2026-09-06 04:35:22.039: [INFO] MostRecentlyActiveProfile: name=Profile 1 path=C:\springboot\.metadata\.plugins\org.eclipse.swt\EBWebView\Default lastActive=2026-09-06T04:35:13.036Z
2026-09-06 04:35:22.039: [INFO] OnDoneLoading sync enabled: 0
2026-09-06 04:35:22.039: [INFO] BookmarkModelLoaded, ids_reassigned: 0
2026-09-06 04:35:22.039: [INFO] BookmarksLoadDropped droppedNodes=0
2026-09-06 04:35:22.039: [INFO] BookmarksSnapshot Startup total=0 bar=0 other=0 mobile=0 showBar=0 showBarNTP=1
2026-09-06 04:37:42.637: [INFO] BookmarksSnapshot Shutdown total=0 bar=0 other=0 mobile=0 showBar=0 showBarNTP=1
2026-09-06 04:53:13.547: [INFO] CurrentProfilePath: C:\springboot\.metadata\.plugins\org.eclipse.swt\EBWebView\Default
2026-09-06 04:53:13.547: [INFO] Profiles total count: 1
2026-09-06 04:53:13.547: [INFO] Profile: name=Profile 1 path=C:\springboot\.metadata\.plugins\org.eclipse.swt\EBWebView\Default lastActive=2026-09-06T04:37:40.985Z
2026-09-06 04:53:13.547: [INFO] LastUsedProfileDir: C:\springboot\.metadata\.plugins\org.eclipse.swt\EBWebView\Default
2026-09-06 04:53:13.547: [INFO] MostRecentlyActiveProfile: name=Profile 1 path=C:\springboot\.metadata\.plugins\org.eclipse.swt\EBWebView\Default lastActive=2026-09-06T04:37:40.985Z
2026-09-06 04:53:13.547: [INFO] OnDoneLoading sync enabled: 0
2026-09-06 04:53:13.547: [INFO] BookmarkModelLoaded, ids_reassigned: 0
2026-09-06 04:53:13.547: [INFO] BookmarksLoadDropped droppedNodes=0
2026-09-06 04:53:13.547: [INFO] BookmarksSnapshot Startup total=0 bar=0 other=0 mobile=0 showBar=0 showBarNTP=1
2026-09-06 04:53:14.802: [INFO] BookmarksSnapshot Shutdown total=0 bar=0 other=0 mobile=0 showBar=0 showBarNTP=1
2026-09-06 04:53:19.890: [INFO] CurrentProfilePath: C:\springboot\.metadata\.plugins\org.eclipse.swt\EBWebView\Default
2026-09-06 04:53:19.890: [INFO] Profiles total count: 1
2026-09-06 04:53:19.890: [INFO] Profile: name=Profile 1 path=C:\springboot\.metadata\.plugins\org.eclipse.swt\EBWebView\Default lastActive=2026-09-06T04:37:40.985Z
2026-09-06 04:53:19.890: [INFO] LastUsedProfileDir: C:\springboot\.metadata\.plugins\org.eclipse.swt\EBWebView\Default
2026-09-06 04:53:19.890: [INFO] MostRecentlyActiveProfile: name=Profile 1 path=C:\springboot\.metadata\.plugins\org.eclipse.swt\EBWebView\Default lastActive=2026-09-06T04:37:40.985Z
2026-09-06 04:53:19.890: [INFO] OnDoneLoading sync enabled: 0
2026-09-06 04:53:19.890: [INFO] BookmarkModelLoaded, ids_reassigned: 0
2026-09-06 04:53:19.890: [INFO] BookmarksLoadDropped droppedNodes=0
2026-09-06 04:53:19.890: [INFO] BookmarksSnapshot Startup total=0 bar=0 other=0 mobile=0 showBar=0 showBarNTP=1
2026-09-09 12:33:22.076: [INFO] CurrentProfilePath: C:\springboot\.metadata\.plugins\org.eclipse.swt\EBWebView\Default
2026-09-09 12:33:22.076: [INFO] Profiles total count: 1
2026-09-09 12:33:22.076: [INFO] Profile: name=Profile 1 path=C:\springboot\.metadata\.plugins\org.eclipse.swt\EBWebView\Default lastActive=2026-09-06T04:37:40.985Z
2026-09-09 12:33:22.076: [INFO] LastUsedProfileDir: C:\springboot\.metadata\.plugins\org.eclipse.swt\EBWebView\Default
2026-09-09 12:33:22.076: [INFO] MostRecentlyActiveProfile: name=Profile 1 path=C:\springboot\.metadata\.plugins\org.eclipse.swt\EBWebView\Default lastActive=2026-09-06T04:37:40.985Z
2026-09-09 12:33:22.076: [INFO] OnDoneLoading sync enabled: 0
2026-09-09 12:33:22.076: [INFO] BookmarkModelLoaded, ids_reassigned: 0
2026-09-09 12:33:22.076: [INFO] BookmarksLoadDropped droppedNodes=0
2026-09-09 12:33:22.076: [INFO] BookmarksSnapshot Startup total=0 bar=0 other=0 mobile=0 showBar=0 showBarNTP=1
2026-09-09 12:33:27.729: [INFO] BookmarksSnapshot Shutdown total=0 bar=0 other=0 mobile=0 showBar=0 showBarNTP=1
2026-09-09 15:52:11.347: [INFO] CurrentProfilePath: C:\springboot\.metadata\.plugins\org.eclipse.swt\EBWebView\Default
2026-09-09 15:52:11.347: [INFO] Profiles total count: 1
2026-09-09 15:52:11.347: [INFO] Profile: name=Profile 1 path=C:\springboot\.metadata\.plugins\org.eclipse.swt\EBWebView\Default lastActive=2026-09-09T12:33:25.618Z
2026-09-09 15:52:11.347: [INFO] LastUsedProfileDir: C:\springboot\.metadata\.plugins\org.eclipse.swt\EBWebView\Default
2026-09-09 15:52:11.347: [INFO] MostRecentlyActiveProfile: name=Profile 1 path=C:\springboot\.metadata\.plugins\org.eclipse.swt\EBWebView\Default lastActive=2026-09-09T12:33:25.618Z
2026-09-09 15:52:11.347: [INFO] OnDoneLoading sync enabled: 0
2026-09-09 15:52:11.347: [INFO] BookmarkModelLoaded, ids_reassigned: 0
2026-09-09 15:52:11.347: [INFO] BookmarksLoadDropped droppedNodes=0
2026-09-09 15:52:11.347: [INFO] BookmarksSnapshot Startup total=0 bar=0 other=0 mobile=0 showBar=0 showBarNTP=1
2026-09-09 16:01:51.555: [INFO] BookmarksSnapshot Shutdown total=0 bar=0 other=0 mobile=0 showBar=0 showBarNTP=1
2026-09-09 16:01:51.690: [INFO] CurrentProfilePath: C:\springboot\.metadata\.plugins\org.eclipse.swt\EBWebView\Default
2026-09-09 16:01:51.690: [INFO] Profiles total count: 1
2026-09-09 16:01:51.690: [INFO] Profile: name=Profile 1 path=C:\springboot\.metadata\.plugins\org.eclipse.swt\EBWebView\Default lastActive=2026-09-09T12:33:25.618Z
2026-09-09 16:01:51.690: [INFO] LastUsedProfileDir: C:\springboot\.metadata\.plugins\org.eclipse.swt\EBWebView\Default
2026-09-09 16:01:51.690: [INFO] MostRecentlyActiveProfile: name=Profile 1 path=C:\springboot\.metadata\.plugins\org.eclipse.swt\EBWebView\Default lastActive=2026-09-09T12:33:25.618Z
2026-09-09 16:01:51.690: [INFO] OnDoneLoading sync enabled: 0
2026-09-09 16:01:51.690: [INFO] BookmarkModelLoaded, ids_reassigned: 0
2026-09-09 16:01:51.690: [INFO] BookmarksLoadDropped droppedNodes=0
2026-09-09 16:01:51.690: [INFO] BookmarksSnapshot Startup total=0 bar=0 other=0 mobile=0 showBar=0 showBarNTP=1
2026-09-09 17:03:38.583: [INFO] BookmarksSnapshot Shutdown total=0 bar=0 other=0 mobile=0 showBar=0 showBarNTP=1
2026-09-09 17:06:42.237: [INFO] CurrentProfilePath: C:\springboot\.metadata\.plugins\org.eclipse.swt\EBWebView\Default
2026-09-09 17:06:42.237: [INFO] Profiles total count: 1
2026-09-09 17:06:42.237: [INFO] Profile: name=Profile 1 path=C:\springboot\.metadata\.plugins\org.eclipse.swt\EBWebView\Default lastActive=2026-09-09T12:33:25.618Z
2026-09-09 17:06:42.237: [INFO] LastUsedProfileDir: C:\springboot\.metadata\.plugins\org.eclipse.swt\EBWebView\Default
2026-09-09 17:06:42.237: [INFO] MostRecentlyActiveProfile: name=Profile 1 path=C:\springboot\.metadata\.plugins\org.eclipse.swt\EBWebView\Default lastActive=2026-09-09T12:33:25.618Z
2026-09-09 17:06:42.237: [INFO] OnDoneLoading sync enabled: 0
2026-09-09 17:06:42.237: [INFO] BookmarkModelLoaded, ids_reassigned: 0
2026-09-09 17:06:42.237: [INFO] BookmarksLoadDropped droppedNodes=0
2026-09-09 17:06:42.237: [INFO] BookmarksSnapshot Startup total=0 bar=0 other=0 mobile=0 showBar=0 showBarNTP=1
2026-09-09 17:20:58.417: [INFO] BookmarksSnapshot Shutdown total=0 bar=0 other=0 mobile=0 showBar=0 showBarNTP=1
2026-09-09 17:22:14.118: [INFO] CurrentProfilePath: C:\springboot\.metadata\.plugins\org.eclipse.swt\EBWebView\Default
2026-09-09 17:22:14.118: [INFO] Profiles total count: 1
2026-09-09 17:22:14.118: [INFO] Profile: name=Profile 1 path=C:\springboot\.metadata\.plugins\org.eclipse.swt\EBWebView\Default lastActive=2026-09-09T12:33:25.618Z
2026-09-09 17:22:14.118: [INFO] LastUsedProfileDir: C:\springboot\.metadata\.plugins\org.eclipse.swt\EBWebView\Default
2026-09-09 17:22:14.118: [INFO] MostRecentlyActiveProfile: name=Profile 1 path=C:\springboot\.metadata\.plugins\org.eclipse.swt\EBWebView\Default lastActive=2026-09-09T12:33:25.618Z
2026-09-09 17:22:14.118: [INFO] OnDoneLoading sync enabled: 0
2026-09-09 17:22:14.118: [INFO] BookmarkModelLoaded, ids_reassigned: 0
2026-09-09 17:22:14.118: [INFO] BookmarksLoadDropped droppedNodes=0
2026-09-09 17:22:14.118: [INFO] BookmarksSnapshot Startup total=0 bar=0 other=0 mobile=0 showBar=0 showBarNTP=1
2026-09-09 17:22:45.777: [INFO] BookmarksSnapshot Shutdown total=0 bar=0 other=0 mobile=0 showBar=0 showBarNTP=1
2026-09-09 17:26:42.502: [INFO] CurrentProfilePath: C:\springboot\.metadata\.plugins\org.eclipse.swt\EBWebView\Default
2026-09-09 17:26:42.502: [INFO] Profiles total count: 1
2026-09-09 17:26:42.502: [INFO] Profile: name=Profile 1 path=C:\springboot\.metadata\.plugins\org.eclipse.swt\EBWebView\Default lastActive=2026-09-09T17:22:42.594Z
2026-09-09 17:26:42.502: [INFO] LastUsedProfileDir: C:\springboot\.metadata\.plugins\org.eclipse.swt\EBWebView\Default
2026-09-09 17:26:42.502: [INFO] MostRecentlyActiveProfile: name=Profile 1 path=C:\springboot\.metadata\.plugins\org.eclipse.swt\EBWebView\Default lastActive=2026-09-09T17:22:42.594Z
2026-09-09 17:26:42.502: [INFO] OnDoneLoading sync enabled: 0
2026-09-09 17:26:42.502: [INFO] BookmarkModelLoaded, ids_reassigned: 0
2026-09-09 17:26:42.502: [INFO] BookmarksLoadDropped droppedNodes=0
2026-09-09 17:26:42.502: [INFO] BookmarksSnapshot Startup total=0 bar=0 other=0 mobile=0 showBar=0 showBarNTP=1
2026-09-09 17:26:43.518: [INFO] BookmarksSnapshot Shutdown total=0 bar=0 other=0 mobile=0 showBar=0 showBarNTP=1
2026-09-27 13:05:58.563: [INFO] CurrentProfilePath: C:\springboot\.metadata\.plugins\org.eclipse.swt\EBWebView\Default
2026-09-27 13:05:58.563: [INFO] Profiles total count: 1
2026-09-27 13:05:58.563: [INFO] Profile: name=Profile 1 path=C:\springboot\.metadata\.plugins\org.eclipse.swt\EBWebView\Default lastActive=2026-09-09T17:22:42.594Z
2026-09-27 13:05:58.563: [INFO] LastUsedProfileDir: C:\springboot\.metadata\.plugins\org.eclipse.swt\EBWebView\Default
2026-09-27 13:05:58.563: [INFO] MostRecentlyActiveProfile: name=Profile 1 path=C:\springboot\.metadata\.plugins\org.eclipse.swt\EBWebView\Default lastActive=2026-09-09T17:22:42.594Z
2026-09-27 13:05:58.563: [INFO] OnDoneLoading sync enabled: 0
2026-09-27 13:05:58.563: [INFO] BookmarkModelLoaded, ids_reassigned: 0
2026-09-27 13:05:58.563: [INFO] BookmarksLoadDropped droppedNodes=0
2026-09-27 13:05:58.563: [INFO] BookmarksSnapshot Startup total=0 bar=0 other=0 mobile=0 showBar=0 showBarNTP=1
2026-09-27 13:08:57.895: [INFO] BookmarksSnapshot Shutdown total=0 bar=0 other=0 mobile=0 showBar=0 showBarNTP=1
2026-09-27 13:09:01.026: [INFO] CurrentProfilePath: C:\springboot\.metadata\.plugins\org.eclipse.swt\EBWebView\Default
2026-09-27 13:09:01.026: [INFO] Profiles total count: 1
2026-09-27 13:09:01.026: [INFO] Profile: name=Profile 1 path=C:\springboot\.metadata\.plugins\org.eclipse.swt\EBWebView\Default lastActive=2026-09-27T13:08:57.039Z
2026-09-27 13:09:01.026: [INFO] LastUsedProfileDir: C:\springboot\.metadata\.plugins\org.eclipse.swt\EBWebView\Default
2026-09-27 13:09:01.026: [INFO] MostRecentlyActiveProfile: name=Profile 1 path=C:\springboot\.metadata\.plugins\org.eclipse.swt\EBWebView\Default lastActive=2026-09-27T13:08:57.039Z
2026-09-27 13:09:01.026: [INFO] OnDoneLoading sync enabled: 0
2026-09-27 13:09:01.026: [INFO] BookmarkModelLoaded, ids_reassigned: 0
2026-09-27 13:09:01.026: [INFO] BookmarksLoadDropped droppedNodes=0
2026-09-27 13:09:01.026: [INFO] BookmarksSnapshot Startup total=0 bar=0 other=0 mobile=0 showBar=0 showBarNTP=1
2026-09-27 13:15:06.438: [INFO] BookmarksSnapshot Shutdown total=0 bar=0 other=0 mobile=0 showBar=0 showBarNTP=1
2026-09-27 13:18:41.527: [INFO] CurrentProfilePath: C:\springboot\.metadata\.plugins\org.eclipse.swt\EBWebView\Default
2026-09-27 13:18:41.527: [INFO] Profiles total count: 1
2026-09-27 13:18:41.527: [INFO] Profile: name=Profile 1 path=C:\springboot\.metadata\.plugins\org.eclipse.swt\EBWebView\Default lastActive=2026-09-27T13:08:57.039Z
2026-09-27 13:18:41.527: [INFO] LastUsedProfileDir: C:\springboot\.metadata\.plugins\org.eclipse.swt\EBWebView\Default
2026-09-27 13:18:41.527: [INFO] MostRecentlyActiveProfile: name=Profile 1 path=C:\springboot\.metadata\.plugins\org.eclipse.swt\EBWebView\Default lastActive=2026-09-27T13:08:57.039Z
2026-09-27 13:18:41.527: [INFO] OnDoneLoading sync enabled: 0
2026-09-27 13:18:41.527: [INFO] BookmarkModelLoaded, ids_reassigned: 0
2026-09-27 13:18:41.527: [INFO] BookmarksLoadDropped droppedNodes=0
2026-09-27 13:18:41.527: [INFO] BookmarksSnapshot Startup total=0 bar=0 other=0 mobile=0 showBar=0 showBarNTP=1
2026-09-27 14:02:14.421: [INFO] BookmarksSnapshot Shutdown total=0 bar=0 other=0 mobile=0 showBar=0 showBarNTP=1
2026-09-27 14:11:17.065: [INFO] CurrentProfilePath: C:\springboot\.metadata\.plugins\org.eclipse.swt\EBWebView\Default
2026-09-27 14:11:17.065: [INFO] Profiles total count: 1
2026-09-27 14:11:17.066: [INFO] Profile: name=Profile 1 path=C:\springboot\.metadata\.plugins\org.eclipse.swt\EBWebView\Default lastActive=2026-09-27T13:08:57.039Z
2026-09-27 14:11:17.066: [INFO] LastUsedProfileDir: C:\springboot\.metadata\.plugins\org.eclipse.swt\EBWebView\Default
2026-09-27 14:11:17.066: [INFO] MostRecentlyActiveProfile: name=Profile 1 path=C:\springboot\.metadata\.plugins\org.eclipse.swt\EBWebView\Default lastActive=2026-09-27T13:08:57.039Z
2026-09-27 14:11:17.066: [INFO] OnDoneLoading sync enabled: 0
2026-09-27 14:11:17.066: [INFO] BookmarkModelLoaded, ids_reassigned: 0
2026-09-27 14:11:17.066: [INFO] BookmarksLoadDropped droppedNodes=0
2026-09-27 14:11:17.066: [INFO] BookmarksSnapshot Startup total=0 bar=0 other=0 mobile=0 showBar=0 showBarNTP=1
2026-09-27 14:20:31.962: [INFO] BookmarksSnapshot Shutdown total=0 bar=0 other=0 mobile=0 showBar=0 showBarNTP=1
2026-09-27 14:50:04.150: [INFO] CurrentProfilePath: C:\springboot\.metadata\.plugins\org.eclipse.swt\EBWebView\Default
2026-09-27 14:50:04.150: [INFO] Profiles total count: 1
2026-09-27 14:50:04.150: [INFO] Profile: name=Profile 1 path=C:\springboot\.metadata\.plugins\org.eclipse.swt\EBWebView\Default lastActive=2026-09-27T13:08:57.039Z
2026-09-27 14:50:04.150: [INFO] LastUsedProfileDir: C:\springboot\.metadata\.plugins\org.eclipse.swt\EBWebView\Default
2026-09-27 14:50:04.150: [INFO] MostRecentlyActiveProfile: name=Profile 1 path=C:\springboot\.metadata\.plugins\org.eclipse.swt\EBWebView\Default lastActive=2026-09-27T13:08:57.039Z
2026-09-27 14:50:04.150: [INFO] OnDoneLoading sync enabled: 0
2026-09-27 14:50:04.150: [INFO] BookmarkModelLoaded, ids_reassigned: 0
2026-09-27 14:50:04.150: [INFO] BookmarksLoadDropped droppedNodes=0
2026-09-27 14:50:04.150: [INFO] BookmarksSnapshot Startup total=0 bar=0 other=0 mobile=0 showBar=0 showBarNTP=1
2026-09-27 14:56:54.915: [INFO] BookmarksSnapshot Shutdown total=0 bar=0 other=0 mobile=0 showBar=0 showBarNTP=1
2026-09-27 14:58:07.679: [INFO] CurrentProfilePath: C:\springboot\.metadata\.plugins\org.eclipse.swt\EBWebView\Default
2026-09-27 14:58:07.679: [INFO] Profiles total count: 1
2026-09-27 14:58:07.679: [INFO] Profile: name=Profile 1 path=C:\springboot\.metadata\.plugins\org.eclipse.swt\EBWebView\Default lastActive=2026-09-27T13:08:57.039Z
2026-09-27 14:58:07.679: [INFO] LastUsedProfileDir: C:\springboot\.metadata\.plugins\org.eclipse.swt\EBWebView\Default
2026-09-27 14:58:07.679: [INFO] MostRecentlyActiveProfile: name=Profile 1 path=C:\springboot\.metadata\.plugins\org.eclipse.swt\EBWebView\Default lastActive=2026-09-27T13:08:57.039Z
2026-09-27 14:58:07.679: [INFO] OnDoneLoading sync enabled: 0
2026-09-27 14:58:07.679: [INFO] BookmarkModelLoaded, ids_reassigned: 0
2026-09-27 14:58:07.679: [INFO] BookmarksLoadDropped droppedNodes=0
2026-09-27 14:58:07.680: [INFO] BookmarksSnapshot Startup total=0 bar=0 other=0 mobile=0 showBar=0 showBarNTP=1
2026-09-27 14:58:07.833: [INFO] BookmarksSnapshot Shutdown total=0 bar=0 other=0 mobile=0 showBar=0 showBarNTP=1
2026-09-27 14:58:53.954: [INFO] CurrentProfilePath: C:\springboot\.metadata\.plugins\org.eclipse.swt\EBWebView\Default
2026-09-27 14:58:53.954: [INFO] Profiles total count: 1
2026-09-27 14:58:53.954: [INFO] Profile: name=Profile 1 path=C:\springboot\.metadata\.plugins\org.eclipse.swt\EBWebView\Default lastActive=2026-09-27T13:08:57.039Z
2026-09-27 14:58:53.954: [INFO] LastUsedProfileDir: C:\springboot\.metadata\.plugins\org.eclipse.swt\EBWebView\Default
2026-09-27 14:58:53.954: [INFO] MostRecentlyActiveProfile: name=Profile 1 path=C:\springboot\.metadata\.plugins\org.eclipse.swt\EBWebView\Default lastActive=2026-09-27T13:08:57.039Z
2026-09-27 14:58:53.954: [INFO] OnDoneLoading sync enabled: 0
2026-09-27 14:58:53.954: [INFO] BookmarkModelLoaded, ids_reassigned: 0
2026-09-27 14:58:53.954: [INFO] BookmarksLoadDropped droppedNodes=0
2026-09-27 14:58:53.954: [INFO] BookmarksSnapshot Startup total=0 bar=0 other=0 mobile=0 showBar=0 showBarNTP=1
2026-09-27 14:58:54.097: [INFO] BookmarksSnapshot Shutdown total=0 bar=0 other=0 mobile=0 showBar=0 showBarNTP=1
2026-09-27 15:00:11.315: [INFO] CurrentProfilePath: C:\springboot\.metadata\.plugins\org.eclipse.swt\EBWebView\Default
2026-09-27 15:00:11.316: [INFO] Profiles total count: 1
2026-09-27 15:00:11.316: [INFO] Profile: name=Profile 1 path=C:\springboot\.metadata\.plugins\org.eclipse.swt\EBWebView\Default lastActive=2026-09-27T13:08:57.039Z
2026-09-27 15:00:11.316: [INFO] LastUsedProfileDir: C:\springboot\.metadata\.plugins\org.eclipse.swt\EBWebView\Default
2026-09-27 15:00:11.316: [INFO] MostRecentlyActiveProfile: name=Profile 1 path=C:\springboot\.metadata\.plugins\org.eclipse.swt\EBWebView\Default lastActive=2026-09-27T13:08:57.039Z
2026-09-27 15:00:11.316: [INFO] OnDoneLoading sync enabled: 0
2026-09-27 15:00:11.316: [INFO] BookmarkModelLoaded, ids_reassigned: 0
2026-09-27 15:00:11.316: [INFO] BookmarksLoadDropped droppedNodes=0
2026-09-27 15:00:11.316: [INFO] BookmarksSnapshot Startup total=0 bar=0 other=0 mobile=0 showBar=0 showBarNTP=1
2026-09-27 15:00:14.724: [INFO] BookmarksSnapshot Shutdown total=0 bar=0 other=0 mobile=0 showBar=0 showBarNTP=1
2026-09-27 15:04:03.339: [INFO] CurrentProfilePath: C:\springboot\.metadata\.plugins\org.eclipse.swt\EBWebView\Default
2026-09-27 15:04:03.339: [INFO] Profiles total count: 1
2026-09-27 15:04:03.339: [INFO] Profile: name=Profile 1 path=C:\springboot\.metadata\.plugins\org.eclipse.swt\EBWebView\Default lastActive=2026-09-27T13:08:57.039Z
2026-09-27 15:04:03.339: [INFO] LastUsedProfileDir: C:\springboot\.metadata\.plugins\org.eclipse.swt\EBWebView\Default
2026-09-27 15:04:03.339: [INFO] MostRecentlyActiveProfile: name=Profile 1 path=C:\springboot\.metadata\.plugins\org.eclipse.swt\EBWebView\Default lastActive=2026-09-27T13:08:57.039Z
2026-09-27 15:04:03.339: [INFO] OnDoneLoading sync enabled: 0
2026-09-27 15:04:03.339: [INFO] BookmarkModelLoaded, ids_reassigned: 0
2026-09-27 15:04:03.339: [INFO] BookmarksLoadDropped droppedNodes=0
2026-09-27 15:04:03.339: [INFO] BookmarksSnapshot Startup total=0 bar=0 other=0 mobile=0 showBar=0 showBarNTP=1
2026-10-05 14:48:30.140: [INFO] CurrentProfilePath: C:\springboot\.metadata\.plugins\org.eclipse.swt\EBWebView\Default
2026-10-05 14:48:30.140: [INFO] Profiles total count: 1
2026-10-05 14:48:30.141: [INFO] Profile: name=Profile 1 path=C:\springboot\.metadata\.plugins\org.eclipse.swt\EBWebView\Default lastActive=2026-09-27T13:08:57.039Z
2026-10-05 14:48:30.141: [INFO] LastUsedProfileDir: C:\springboot\.metadata\.plugins\org.eclipse.swt\EBWebView\Default
2026-10-05 14:48:30.141: [INFO] MostRecentlyActiveProfile: name=Profile 1 path=C:\springboot\.metadata\.plugins\org.eclipse.swt\EBWebView\Default lastActive=2026-09-27T13:08:57.039Z
2026-10-05 14:48:30.141: [INFO] OnDoneLoading sync enabled: 0
2026-10-05 14:48:30.141: [INFO] BookmarkModelLoaded, ids_reassigned: 0
2026-10-05 14:48:30.141: [INFO] BookmarksLoadDropped droppedNodes=0
2026-10-05 14:48:30.141: [INFO] BookmarksSnapshot Startup total=0 bar=0 other=0 mobile=0 showBar=0 showBarNTP=1
2026-10-05 14:49:12.613: [INFO] BookmarksSnapshot Shutdown total=0 bar=0 other=0 mobile=0 showBar=0 showBarNTP=1
2026-10-05 15:26:57.083: [INFO] CurrentProfilePath: C:\springboot\.metadata\.plugins\org.eclipse.swt\EBWebView\Default
2026-10-05 15:26:57.084: [INFO] Profiles total count: 1
2026-10-05 15:26:57.084: [INFO] Profile: name=Profile 1 path=C:\springboot\.metadata\.plugins\org.eclipse.swt\EBWebView\Default lastActive=2026-09-27T13:08:57.039Z
2026-10-05 15:26:57.084: [INFO] LastUsedProfileDir: C:\springboot\.metadata\.plugins\org.eclipse.swt\EBWebView\Default
2026-10-05 15:26:57.084: [INFO] MostRecentlyActiveProfile: name=Profile 1 path=C:\springboot\.metadata\.plugins\org.eclipse.swt\EBWebView\Default lastActive=2026-09-27T13:08:57.039Z
2026-10-05 15:26:57.084: [INFO] OnDoneLoading sync enabled: 0
2026-10-05 15:26:57.084: [INFO] BookmarkModelLoaded, ids_reassigned: 0
2026-10-05 15:26:57.084: [INFO] BookmarksLoadDropped droppedNodes=0
2026-10-05 15:26:57.084: [INFO] BookmarksSnapshot Startup total=0 bar=0 other=0 mobile=0 showBar=0 showBarNTP=1
2026-10-05 17:20:05.932: [INFO] BookmarksSnapshot Shutdown total=0 bar=0 other=0 mobile=0 showBar=0 showBarNTP=1
2026-10-06 11:03:42.718: [INFO] CurrentProfilePath: C:\springboot\.metadata\.plugins\org.eclipse.swt\EBWebView\Default
2026-10-06 11:03:42.718: [INFO] Profiles total count: 1
2026-10-06 11:03:42.718: [INFO] Profile: name=Profile 1 path=C:\springboot\.metadata\.plugins\org.eclipse.swt\EBWebView\Default lastActive=2026-09-27T13:08:57.039Z
2026-10-06 11:03:42.718: [INFO] LastUsedProfileDir: C:\springboot\.metadata\.plugins\org.eclipse.swt\EBWebView\Default
2026-10-06 11:03:42.718: [INFO] MostRecentlyActiveProfile: name=Profile 1 path=C:\springboot\.metadata\.plugins\org.eclipse.swt\EBWebView\Default lastActive=2026-09-27T13:08:57.039Z
2026-10-06 11:03:42.718: [INFO] OnDoneLoading sync enabled: 0
2026-10-06 11:03:42.718: [INFO] BookmarkModelLoaded, ids_reassigned: 0
2026-10-06 11:03:42.718: [INFO] BookmarksLoadDropped droppedNodes=0
2026-10-06 11:03:42.718: [INFO] BookmarksSnapshot Startup total=0 bar=0 other=0 mobile=0 showBar=0 showBarNTP=1
2026-10-06 11:03:46.776: [INFO] BookmarksSnapshot Shutdown total=0 bar=0 other=0 mobile=0 showBar=0 showBarNTP=1
2026-10-06 11:34:16.403: [INFO] CurrentProfilePath: C:\springboot\.metadata\.plugins\org.eclipse.swt\EBWebView\Default
2026-10-06 11:34:16.403: [INFO] Profiles total count: 1
2026-10-06 11:34:16.403: [INFO] Profile: name=Profile 1 path=C:\springboot\.metadata\.plugins\org.eclipse.swt\EBWebView\Default lastActive=2026-10-06T11:03:44.206Z
2026-10-06 11:34:16.403: [INFO] LastUsedProfileDir: C:\springboot\.metadata\.plugins\org.eclipse.swt\EBWebView\Default
2026-10-06 11:34:16.403: [INFO] MostRecentlyActiveProfile: name=Profile 1 path=C:\springboot\.metadata\.plugins\org.eclipse.swt\EBWebView\Default lastActive=2026-10-06T11:03:44.206Z
2026-10-06 11:34:16.403: [INFO] OnDoneLoading sync enabled: 0
2026-10-06 11:34:16.403: [INFO] BookmarkModelLoaded, ids_reassigned: 0
2026-10-06 11:34:16.403: [INFO] BookmarksLoadDropped droppedNodes=0
2026-10-06 11:34:16.403: [INFO] BookmarksSnapshot Startup total=0 bar=0 other=0 mobile=0 showBar=0 showBarNTP=1
2026-10-07 11:13:56.677: [INFO] CurrentProfilePath: C:\springboot\.metadata\.plugins\org.eclipse.swt\EBWebView\Default
2026-10-07 11:13:56.677: [INFO] Profiles total count: 1
2026-10-07 11:13:56.677: [INFO] Profile: name=Profile 1 path=C:\springboot\.metadata\.plugins\org.eclipse.swt\EBWebView\Default lastActive=2026-10-06T11:03:44.206Z
2026-10-07 11:13:56.677: [INFO] LastUsedProfileDir: C:\springboot\.metadata\.plugins\org.eclipse.swt\EBWebView\Default
2026-10-07 11:13:56.677: [INFO] MostRecentlyActiveProfile: name=Profile 1 path=C:\springboot\.metadata\.plugins\org.eclipse.swt\EBWebView\Default lastActive=2026-10-06T11:03:44.206Z
2026-10-07 11:13:56.677: [INFO] OnDoneLoading sync enabled: 0
2026-10-07 11:13:56.677: [INFO] BookmarkModelLoaded, ids_reassigned: 0
2026-10-07 11:13:56.677: [INFO] BookmarksLoadDropped droppedNodes=0
2026-10-07 11:13:56.677: [INFO] BookmarksSnapshot Startup total=0 bar=0 other=0 mobile=0 showBar=0 showBarNTP=1
2026-10-07 11:16:01.608: [INFO] BookmarksSnapshot Shutdown total=0 bar=0 other=0 mobile=0 showBar=0 showBarNTP=1
